[INFO] Scanning for projects...
[INFO] 
[INFO] -----------------< com.spurqlabs:orangehrm-automation >-----------------
[INFO] Building OrangeHRM Automation 1.0.0
[INFO]   from pom.xml
[INFO] --------------------------------[ jar ]---------------------------------
[INFO] 
[INFO] --- resources:3.3.1:resources (default-resources) @ orangehrm-automation ---
[INFO] skip non existing resourceDirectory C:\Repos\DiamondHeadquarters\src\main\resources
[INFO] 
[INFO] --- compiler:3.13.0:compile (default-compile) @ orangehrm-automation ---
[INFO] No sources to compile
[INFO] 
[INFO] --- resources:3.3.1:testResources (default-testResources) @ orangehrm-automation ---
[INFO] Copying 6 resources from src\test\resources to target\test-classes
[INFO] 
[INFO] --- compiler:3.13.0:testCompile (default-testCompile) @ orangehrm-automation ---
[INFO] Nothing to compile - all classes are up to date.
[INFO] 
[INFO] --- surefire:3.2.5:test (default-test) @ orangehrm-automation ---
[INFO] Using auto detected provider org.apache.maven.surefire.testng.TestNGProvider
[INFO] 
[INFO] -------------------------------------------------------
[INFO]  T E S T S
[INFO] -------------------------------------------------------
[INFO] Running com.spurqlabs.tests.TestRunner
mvn : SLF4J: Failed to load class 
"org.slf4j.impl.StaticLoggerBinder".
At line:1 char:1
+ mvn test "-Dcucumber.filter.tags=@smoke" 
-Dtest=TestRunner 2>&1 > tes ...
+ ~~~~~~~~~~~~~~~~~~~~~~~~~~~~~~~~~~~~~~~~~~~~~~~~~~~
~~~~~~~~~~~~~~~~~~
    + CategoryInfo          : NotSpecified: (SLF4J:  
   Failed t...cLoggerBinder".:String) [], RemoteExc  
  eption
    + FullyQualifiedErrorId : NativeCommandError
 
SLF4J: Defaulting to no-operation (NOP) logger 
implementation
SLF4J: See 
http://www.slf4j.org/codes.html#StaticLoggerBinder 
for further details.

@smoke
Scenario: Search for Celestia Bloom Women Ring and select size 1                   # src/test/resources/features/ringsandi_search.feature:7
^C
